main.c:146:5:_write	24	static
main.c:158:5:main	336	static
main.c:333:6:SystemClock_Config	96	static
main.c:390:13:MX_I2C2_Init	8	static
main.c:436:13:MX_SPI3_Init	8	static
main.c:476:13:MX_USART1_UART_Init	8	static
main.c:511:13:MX_USART3_UART_Init	8	static
main.c:546:13:MX_GPIO_Init	48	static
main.c:761:6:HAL_GPIO_EXTI_Callback	16	static
main.c:779:6:startGreenLightTask	16	static
main.c:798:6:startTrackDataPrintTask	64	static
main.c:848:6:startUserButtonTask	32	static
main.c:877:6:startProximitySensorTask	32	static
main.c:912:6:startRaceDataPrintTask	32	static
main.c:943:6:startAccelerometerTask	40	static
main.c:977:6:startTemperatureSensorTask	32	static
main.c:1008:6:startHumiditySensorTask	32	static
main.c:1038:6:startPressureSensorTask	32	static
main.c:1069:6:HAL_TIM_PeriodElapsedCallback	16	static
main.c:1086:6:Error_Handler	4	static,ignoring_inline_asm
