main.c:118:5:_write	24	static
main.c:130:5:main	280	static
main.c:280:6:SystemClock_Config	96	static
main.c:337:13:MX_I2C2_Init	8	static
main.c:383:13:MX_SPI3_Init	8	static
main.c:423:13:MX_USART1_UART_Init	8	static
main.c:458:13:MX_USART3_UART_Init	8	static
main.c:493:13:MX_GPIO_Init	48	static
main.c:708:6:HAL_GPIO_EXTI_Callback	16	static
main.c:750:6:startGreenLightTask	32	static
main.c:782:6:startTrackDataPrintTask	56	static
main.c:837:6:startUserButtonTask	32	static
main.c:881:6:startProximitySensorTask	32	static
main.c:919:6:startRaceDataPrintTask	32	static
main.c:987:6:startAccelerometerTask	40	static
main.c:1024:6:startTemperatureSensorTask	32	static
main.c:1055:6:startHumiditySensorTask	32	static
main.c:1085:6:startPressureSensorTask	32	static
main.c:1116:6:HAL_TIM_PeriodElapsedCallback	16	static
main.c:1133:6:Error_Handler	4	static,ignoring_inline_asm
